ï»¿2026-09-29T22:18:07.0322132Z Current runner version: '2.337.0'
2026-09-29T22:18:07.0396386Z ##[group]Runner Image Provisioner
2026-09-29T22:18:07.0397648Z Hosted Compute Agent
2026-09-29T22:18:07.0399023Z Version: 20260828.587
2026-09-29T22:18:07.0400049Z Commit: abac92662cab4cc7352de4f9f9d2e2419aad9c29
2026-09-29T22:18:07.0401251Z Build Date: 2026-08-28T16:44:25Z
2026-09-29T22:18:07.0402428Z Worker ID: {48fbc500-a46a-4bcc-93c1-8ecb23996ab9}
2026-09-29T22:18:07.0403649Z Azure Region: westus
2026-09-29T22:18:07.0404645Z ##[endgroup]
2026-09-29T22:18:07.0406984Z ##[group]Operating System
2026-09-29T22:18:07.0408080Z Microsoft Windows Server 2025
2026-09-29T22:18:07.0409161Z 10.0.26100
2026-09-29T22:18:07.0410048Z Datacenter
2026-09-29T22:18:07.0411007Z ##[endgroup]
2026-09-29T22:18:07.0411926Z ##[group]Runner Image
2026-09-29T22:18:07.0413032Z Image: windows-2025-vs2026
2026-09-29T22:18:07.0414122Z Version: 20260922.246.2
2026-09-29T22:18:07.0416765Z Included Software: https://github.com/actions/runner-images/blob/win25-vs2026/20260922.246/images/windows/Windows2025-VS2026-Readme.md
2026-09-29T22:18:07.0420252Z Image Release: https://github.com/actions/runner-images/releases/tag/win25-vs2026%2F20260922.246
2026-09-29T22:18:07.0422015Z ##[endgroup]
2026-09-29T22:18:07.0424285Z ##[group]GITHUB_TOKEN Permissions
2026-09-29T22:18:07.0426950Z Contents: read
2026-09-29T22:18:07.0427963Z Metadata: read
2026-09-29T22:18:07.0429182Z ##[endgroup]
2026-09-29T22:18:07.0432186Z Secret source: Actions
2026-09-29T22:18:07.0433748Z Cache mode: write
2026-09-29T22:18:07.0434850Z Prepare workflow directory
2026-09-29T22:18:07.0986322Z Prepare all required actions
2026-09-29T22:18:07.1056010Z Getting action download info
2026-09-29T22:18:07.4833386Z Download action repository 'actions/checkout@3d3c42e5aac5ba805825da76410c181273ba90b1' (SHA:3d3c42e5aac5ba805825da76410c181273ba90b1)
2026-09-29T22:18:07.6714163Z Download action repository 'actions/setup-python@5fda3b95a4ea91299a34e894583c3862153e4b97' (SHA:5fda3b95a4ea91299a34e894583c3862153e4b97)
2026-09-29T22:18:07.9012834Z Download action repository 'actions/upload-artifact@ea165f8d65b6e75b540449e92b4886f43607fa02' (SHA:ea165f8d65b6e75b540449e92b4886f43607fa02)
2026-09-29T22:18:08.2954784Z Complete job name: portability (windows-latest)
2026-09-29T22:18:08.4785666Z ##[group]Run actions/checkout@3d3c42e5aac5ba805825da76410c181273ba90b1
2026-09-29T22:18:08.4787431Z with:
2026-09-29T22:18:08.4787928Z   repository: Kartik24Hulmukh/AccessDoc
2026-09-29T22:18:08.4796789Z   token: ***
2026-09-29T22:18:08.4797317Z   ssh-strict: true
2026-09-29T22:18:08.4797789Z   ssh-user: git
2026-09-29T22:18:08.4798270Z   persist-credentials: true
2026-09-29T22:18:08.4798979Z   clean: true
2026-09-29T22:18:08.4799572Z   sparse-checkout-cone-mode: true
2026-09-29T22:18:08.4800191Z   fetch-depth: 1
2026-09-29T22:18:08.4801027Z   fetch-tags: false
2026-09-29T22:18:08.4801896Z   show-progress: true
2026-09-29T22:18:08.4802769Z   lfs: false
2026-09-29T22:18:08.4803616Z   submodules: false
2026-09-29T22:18:08.4804379Z   set-safe-directory: true
2026-09-29T22:18:08.4805226Z   allow-unsafe-pr-checkout: false
2026-09-29T22:18:08.4806219Z ##[endgroup]
2026-09-29T22:18:08.6925397Z Syncing repository: Kartik24Hulmukh/AccessDoc
2026-09-29T22:18:08.6928633Z ##[group]Getting Git version info
2026-09-29T22:18:08.6930298Z Working directory is 'D:\a\AccessDoc\AccessDoc'
2026-09-29T22:18:08.8218608Z [command]"C:\Program Files\Git\bin\git.exe" version
2026-09-29T22:18:09.3439147Z git version 2.55.0.windows.5
2026-09-29T22:18:09.3517593Z ##[endgroup]
2026-09-29T22:18:09.3538866Z Temporarily overriding HOME='D:\a\_temp\8eafa229-65d3-4430-96bc-2ef38883ea46' before making global git config changes
2026-09-29T22:18:09.3543799Z Adding repository directory to the temporary git global config as a safe directory
2026-09-29T22:18:09.3554385Z [command]"C:\Program Files\Git\bin\git.exe" config --global --add safe.directory D:\a\AccessDoc\AccessDoc
2026-09-29T22:18:09.4533571Z Deleting the contents of 'D:\a\AccessDoc\AccessDoc'
2026-09-29T22:18:09.4539242Z ##[group]Determining repository object format
2026-09-29T22:18:09.4542970Z ##[endgroup]
2026-09-29T22:18:09.4545842Z ##[group]Initializing the repository
2026-09-29T22:18:09.4553482Z [command]"C:\Program Files\Git\bin\git.exe" init D:\a\AccessDoc\AccessDoc
2026-09-29T22:18:09.6752527Z Initialized empty Git repository in D:/a/AccessDoc/AccessDoc/.git/
2026-09-29T22:18:09.6824752Z [command]"C:\Program Files\Git\bin\git.exe" remote add origin https://github.com/Kartik24Hulmukh/AccessDoc
2026-09-29T22:18:09.8122914Z ##[endgroup]
2026-09-29T22:18:09.8125667Z ##[group]Disabling automatic garbage collection
2026-09-29T22:18:09.8136495Z [command]"C:\Program Files\Git\bin\git.exe" config --local gc.auto 0
2026-09-29T22:18:09.9129878Z ##[endgroup]
2026-09-29T22:18:09.9132485Z ##[group]Setting up auth
2026-09-29T22:18:09.9134490Z Removing SSH command configuration
2026-09-29T22:18:09.9149635Z [command]"C:\Program Files\Git\bin\git.exe" config --local --name-only --get-regexp core\.sshCommand
2026-09-29T22:18:09.9729370Z [command]"C:\Program Files\Git\bin\git.exe" submodule foreach --recursive "sh -c \"git config --local --name-only --get-regexp 'core\.sshCommand' && git config --local --unset-all 'core.sshCommand' || :\""
2026-09-29T22:18:12.4823918Z Removing HTTP extra header
2026-09-29T22:18:12.4836615Z [command]"C:\Program Files\Git\bin\git.exe" config --local --name-only --get-regexp http\.https\:\/\/github\.com\/\.extraheader
2026-09-29T22:18:12.6425005Z [command]"C:\Program Files\Git\bin\git.exe" submodule foreach --recursive "sh -c \"git config --local --name-only --get-regexp 'http\.https\:\/\/github\.com\/\.extraheader' && git config --local --unset-all 'http.https://github.com/.extraheader' || :\""
2026-09-29T22:18:14.3379449Z Removing includeIf entries pointing to credentials config files
2026-09-29T22:18:14.3392016Z [command]"C:\Program Files\Git\bin\git.exe" config --local --name-only --get-regexp ^includeIf\.gitdir:
2026-09-29T22:18:14.4806607Z [command]"C:\Program Files\Git\bin\git.exe" submodule foreach --recursive "git config --local --show-origin --name-only --get-regexp remote.origin.url"
2026-09-29T22:18:16.5478733Z [command]"C:\Program Files\Git\bin\git.exe" config --file D:\a\_temp\git-credentials-e712bada-42d5-4e43-8a43-380542141e8c.config http.https://github.com/.extraheader "AUTHORIZATION: basic ***"
2026-09-29T22:18:16.5885597Z [command]"C:\Program Files\Git\bin\git.exe" config --local includeIf.gitdir:D:/a/AccessDoc/AccessDoc/.git.path D:\a\_temp\git-credentials-e712bada-42d5-4e43-8a43-380542141e8c.config
2026-09-29T22:18:16.6187878Z [command]"C:\Program Files\Git\bin\git.exe" config --local includeIf.gitdir:D:/a/AccessDoc/AccessDoc/.git/worktrees/*.path D:\a\_temp\git-credentials-e712bada-42d5-4e43-8a43-380542141e8c.config
2026-09-29T22:18:16.6576117Z [command]"C:\Program Files\Git\bin\git.exe" config --local includeIf.gitdir:/github/workspace/.git.path /github/runner_temp/git-credentials-e712bada-42d5-4e43-8a43-380542141e8c.config
2026-09-29T22:18:16.6919093Z [command]"C:\Program Files\Git\bin\git.exe" config --local includeIf.gitdir:/github/workspace/.git/worktrees/*.path /github/runner_temp/git-credentials-e712bada-42d5-4e43-8a43-380542141e8c.config
2026-09-29T22:18:16.7250920Z ##[endgroup]
2026-09-29T22:18:16.7251652Z ##[group]Fetching the repository
2026-09-29T22:18:16.7267764Z [command]"C:\Program Files\Git\bin\git.exe" -c protocol.version=2 fetch --no-tags --prune --no-recurse-submodules --depth=1 origin +f69e6b7e4fe9130e14e00f741b0282e525e37c60:refs/remotes/pull/95/merge
2026-09-29T22:18:18.0909513Z From https://github.com/Kartik24Hulmukh/AccessDoc
2026-09-29T22:18:18.0914058Z  * [new ref]         f69e6b7e4fe9130e14e00f741b0282e525e37c60 -> pull/95/merge
2026-09-29T22:18:18.0955156Z ##[endgroup]
2026-09-29T22:18:18.0957400Z ##[group]Determining the checkout info
2026-09-29T22:18:18.0958248Z ##[endgroup]
2026-09-29T22:18:18.0971234Z [command]"C:\Program Files\Git\bin\git.exe" sparse-checkout disable
2026-09-29T22:18:18.1429089Z [command]"C:\Program Files\Git\bin\git.exe" config --local --unset-all extensions.worktreeConfig
2026-09-29T22:18:18.1735433Z ##[group]Checking out the ref
2026-09-29T22:18:18.1745503Z [command]"C:\Program Files\Git\bin\git.exe" checkout --progress --force refs/remotes/pull/95/merge
2026-09-29T22:18:18.3401338Z Note: switching to 'refs/remotes/pull/95/merge'.
2026-09-29T22:18:18.3401780Z
2026-09-29T22:18:18.3402145Z You are in 'detached HEAD' state. You can look around, make experimental
2026-09-29T22:18:18.3403374Z changes and commit them, and you can discard any commits you make in this
2026-09-29T22:18:18.3404405Z state without impacting any branches by switching back to a branch.
2026-09-29T22:18:18.3404870Z
2026-09-29T22:18:18.3405181Z If you want to create a new branch to retain commits you create, you may
2026-09-29T22:18:18.3405861Z do so (now or later) by using -c with the switch command. Example:
2026-09-29T22:18:18.3406143Z
2026-09-29T22:18:18.3406269Z   git switch -c <new-branch-name>
2026-09-29T22:18:18.3406511Z
2026-09-29T22:18:18.3406602Z Or undo this operation with:
2026-09-29T22:18:18.3406762Z
2026-09-29T22:18:18.3406843Z   git switch -
2026-09-29T22:18:18.3406953Z
2026-09-29T22:18:18.3407176Z Turn off this advice by setting config variable advice.detachedHead to false
2026-09-29T22:18:18.3407479Z
2026-09-29T22:18:18.3407837Z HEAD is now at f69e6b7 Merge 1f21edeb064e0d01b8932f707c80eedaa8c9f00f into 7ab1817c9ef74bcb05abb885308f7ab5e62f32e6
2026-09-29T22:18:18.3511503Z ##[endgroup]
2026-09-29T22:18:18.3915121Z [command]"C:\Program Files\Git\bin\git.exe" log -1 --format=%H
2026-09-29T22:18:18.4183607Z f69e6b7e4fe9130e14e00f741b0282e525e37c60
2026-09-29T22:18:18.4665255Z ##[group]Run actions/setup-python@5fda3b95a4ea91299a34e894583c3862153e4b97
2026-09-29T22:18:18.4665722Z with:
2026-09-29T22:18:18.4665910Z   python-version: 3.13
2026-09-29T22:18:18.4666118Z   cache: pip
2026-09-29T22:18:18.4666294Z   check-latest: false
2026-09-29T22:18:18.4668700Z   token: ***
2026-09-29T22:18:18.4668918Z   update-environment: true
2026-09-29T22:18:18.4669158Z   allow-prereleases: false
2026-09-29T22:18:18.4669366Z   freethreaded: false
2026-09-29T22:18:18.4669556Z ##[endgroup]
2026-09-29T22:18:18.6181201Z ##[group]Installed versions
2026-09-29T22:18:18.6384125Z Successfully set up CPython (3.13.15)
2026-09-29T22:18:18.6384935Z ##[endgroup]
2026-09-29T22:18:21.5747874Z Cache hit for: setup-python-Windows-x64-python-3.13.15-pip-e95cf6c74421df123663893ff160f33e625261116fcaa901291bef2f6ab47318
2026-09-29T22:18:22.7372974Z Received 14481581 of 14481581 (100.0%), 15.9 MBs/sec
2026-09-29T22:18:22.7375506Z Cache Size: ~14 MB (14481581 B)
2026-09-29T22:18:22.7407562Z [command]"C:\Program Files\Git\usr\bin\tar.exe" -xf D:/a/_temp/691a9926-54ed-46d0-aff4-7a0a02760e89/cache.tzst -P -C D:/a/AccessDoc/AccessDoc --force-local --use-compress-program "zstd -d"
2026-09-29T22:18:23.0803690Z Cache restored successfully
2026-09-29T22:18:23.0821358Z Cache restored from key: setup-python-Windows-x64-python-3.13.15-pip-e95cf6c74421df123663893ff160f33e625261116fcaa901291bef2f6ab47318
2026-09-29T22:18:23.1138104Z ##[group]Run pip install --requirement requirements-dev.txt
2026-09-29T22:18:23.1138629Z [36;1mpip install --requirement requirements-dev.txt[0m
2026-09-29T22:18:23.1670341Z shell: C:\Program Files\PowerShell\7\pwsh.EXE -command ". '{0}'"
2026-09-29T22:18:23.1670781Z env:
2026-09-29T22:18:23.1671117Z   pythonLocation: C:\hostedtoolcache\windows\Python\3.13.15\x64
2026-09-29T22:18:23.1671733Z   PKG_CONFIG_PATH: C:\hostedtoolcache\windows\Python\3.13.15\x64/lib/pkgconfig
2026-09-29T22:18:23.1672333Z   Python_ROOT_DIR: C:\hostedtoolcache\windows\Python\3.13.15\x64
2026-09-29T22:18:23.1672879Z   Python2_ROOT_DIR: C:\hostedtoolcache\windows\Python\3.13.15\x64
2026-09-29T22:18:23.1673404Z   Python3_ROOT_DIR: C:\hostedtoolcache\windows\Python\3.13.15\x64
2026-09-29T22:18:23.1673814Z ##[endgroup]
2026-09-29T22:18:25.9044000Z Collecting reportlab>=4.0.0 (from -r D:\a\AccessDoc\AccessDoc\requirements.txt (line 4))
2026-09-29T22:18:25.9069758Z   Using cached reportlab-5.0.1-py3-none-any.whl.metadata (1.6 kB)
2026-09-29T22:18:25.9455707Z Collecting requests>=2.32.0 (from -r D:\a\AccessDoc\AccessDoc\requirements.txt (line 7))
2026-09-29T22:18:25.9482606Z   Using cached requests-2.34.2-py3-none-any.whl.metadata (4.8 kB)
2026-09-29T22:18:25.9873534Z Collecting pypdf==6.19.0 (from -r requirements-dev.txt (line 2))
2026-09-29T22:18:26.2005925Z   Downloading pypdf-6.19.0-py3-none-any.whl.metadata (7.5 kB)
2026-09-29T22:18:26.2681074Z Collecting PyYAML>=6.0 (from -r requirements-dev.txt (line 3))
2026-09-29T22:18:26.3309440Z   Using cached pyyaml-6.0.3-cp313-cp313-win_amd64.whl.metadata (2.4 kB)
2026-09-29T22:18:26.3647501Z Collecting jsonschema>=4.26.0 (from -r requirements-dev.txt (line 4))
2026-09-29T22:18:26.3670305Z   Using cached jsonschema-4.26.0-py3-none-any.whl.metadata (7.6 kB)
2026-09-29T22:18:26.4113146Z Collecting pytest<10,>=9.1.1 (from -r requirements-dev.txt (line 7))
2026-09-29T22:18:26.4135531Z   Using cached pytest-9.1.1-py3-none-any.whl.metadata (7.6 kB)
2026-09-29T22:18:26.4429070Z Collecting colorama>=0.4 (from pytest<10,>=9.1.1->-r requirements-dev.txt (line 7))
2026-09-29T22:18:26.4451960Z   Using cached colorama-0.4.6-py2.py3-none-any.whl.metadata (17 kB)
2026-09-29T22:18:26.4728763Z Collecting iniconfig>=1.0.1 (from pytest<10,>=9.1.1->-r requirements-dev.txt (line 7))
2026-09-29T22:18:26.4750748Z   Using cached iniconfig-2.3.0-py3-none-any.whl.metadata (2.5 kB)
2026-09-29T22:18:26.5051302Z Collecting packaging>=22 (from pytest<10,>=9.1.1->-r requirements-dev.txt (line 7))
2026-09-29T22:18:26.5074869Z   Using cached packaging-26.3-py3-none-any.whl.metadata (3.5 kB)
2026-09-29T22:18:26.5361517Z Collecting pluggy<2,>=1.5 (from pytest<10,>=9.1.1->-r requirements-dev.txt (line 7))
2026-09-29T22:18:26.5385905Z   Using cached pluggy-1.6.0-py3-none-any.whl.metadata (4.8 kB)
2026-09-29T22:18:26.5733069Z Collecting pygments>=2.7.2 (from pytest<10,>=9.1.1->-r requirements-dev.txt (line 7))
2026-09-29T22:18:26.5757214Z   Using cached pygments-2.21.0-py3-none-any.whl.metadata (2.5 kB)
2026-09-29T22:18:26.8296800Z Collecting pillow>=9.0.0 (from reportlab>=4.0.0->-r D:\a\AccessDoc\AccessDoc\requirements.txt (line 4))
2026-09-29T22:18:26.8320156Z   Using cached pillow-12.3.0-cp313-cp313-win_amd64.whl.metadata (9.3 kB)
2026-09-29T22:18:26.9659428Z Collecting charset-normalizer (from reportlab>=4.0.0->-r D:\a\AccessDoc\AccessDoc\requirements.txt (line 4))
2026-09-29T22:18:26.9684688Z   Using cached charset_normalizer-3.5.1-cp313-cp313-win_amd64.whl.metadata (46 kB)
2026-09-29T22:18:27.0034927Z Collecting idna<4,>=2.5 (from requests>=2.32.0->-r D:\a\AccessDoc\AccessDoc\requirements.txt (line 7))
2026-09-29T22:18:27.0056255Z   Using cached idna-3.20-py3-none-any.whl.metadata (7.2 kB)
2026-09-29T22:18:27.0404344Z Collecting urllib3<3,>=1.26 (from requests>=2.32.0->-r D:\a\AccessDoc\AccessDoc\requirements.txt (line 7))
2026-09-29T22:18:27.0439789Z   Using cached urllib3-2.8.0-py3-none-any.whl.metadata (7.4 kB)
2026-09-29T22:18:27.0753304Z Collecting certifi>=2023.5.7 (from requests>=2.32.0->-r D:\a\AccessDoc\AccessDoc\requirements.txt (line 7))
2026-09-29T22:18:27.0774868Z   Using cached certifi-2026.7.22-py3-none-any.whl.metadata (2.5 kB)
2026-09-29T22:18:27.1064912Z Collecting attrs>=22.2.0 (from jsonschema>=4.26.0->-r requirements-dev.txt (line 4))
2026-09-29T22:18:27.1121911Z   Using cached attrs-26.1.0-py3-none-any.whl.metadata (8.8 kB)
2026-09-29T22:18:27.1397438Z Collecting jsonschema-specifications>=2023.03.6 (from jsonschema>=4.26.0->-r requirements-dev.txt (line 4))
2026-09-29T22:18:27.1426314Z   Using cached jsonschema_specifications-2025.9.1-py3-none-any.whl.metadata (2.9 kB)
2026-09-29T22:18:27.1790128Z Collecting referencing>=0.28.4 (from jsonschema>=4.26.0->-r requirements-dev.txt (line 4))
2026-09-29T22:18:27.1813485Z   Using cached referencing-0.37.0-py3-none-any.whl.metadata (2.8 kB)
2026-09-29T22:18:27.4482571Z Collecting rpds-py>=0.25.0 (from jsonschema>=4.26.0->-r requirements-dev.txt (line 4))
2026-09-29T22:18:27.4508942Z   Using cached rpds_py-2026.6.3-cp313-cp313-win_amd64.whl.metadata (4.2 kB)
2026-09-29T22:18:27.4668103Z Downloading pypdf-6.19.0-py3-none-any.whl (395 kB)
2026-09-29T22:18:27.6609671Z Using cached pytest-9.1.1-py3-none-any.whl (386 kB)
2026-09-29T22:18:27.6645746Z Using cached pluggy-1.6.0-py3-none-any.whl (20 kB)
2026-09-29T22:18:27.6663764Z Using cached reportlab-5.0.1-py3-none-any.whl (2.0 MB)
2026-09-29T22:18:27.6693256Z Using cached requests-2.34.2-py3-none-any.whl (73 kB)
2026-09-29T22:18:27.6711300Z Using cached charset_normalizer-3.5.1-cp313-cp313-win_amd64.whl (199 kB)
2026-09-29T22:18:27.6732756Z Using cached idna-3.20-py3-none-any.whl (69 kB)
2026-09-29T22:18:27.6750575Z Using cached urllib3-2.8.0-py3-none-any.whl (135 kB)
2026-09-29T22:18:27.6768572Z Using cached pyyaml-6.0.3-cp313-cp313-win_amd64.whl (154 kB)
2026-09-29T22:18:27.6787486Z Using cached jsonschema-4.26.0-py3-none-any.whl (90 kB)
2026-09-29T22:18:27.6808399Z Using cached attrs-26.1.0-py3-none-any.whl (67 kB)
2026-09-29T22:18:27.6826252Z Using cached certifi-2026.7.22-py3-none-any.whl (136 kB)
2026-09-29T22:18:27.6844240Z Using cached colorama-0.4.6-py2.py3-none-any.whl (25 kB)
2026-09-29T22:18:27.6862047Z Using cached iniconfig-2.3.0-py3-none-any.whl (7.5 kB)
2026-09-29T22:18:27.6882714Z Using cached jsonschema_specifications-2025.9.1-py3-none-any.whl (18 kB)
2026-09-29T22:18:27.6958204Z Using cached packaging-26.3-py3-none-any.whl (129 kB)
2026-09-29T22:18:27.6977301Z Using cached pillow-12.3.0-cp313-cp313-win_amd64.whl (7.2 MB)
2026-09-29T22:18:27.7031521Z Using cached pygments-2.21.0-py3-none-any.whl (1.3 MB)
2026-09-29T22:18:27.7066073Z Using cached referencing-0.37.0-py3-none-any.whl (26 kB)
2026-09-29T22:18:27.7085094Z Using cached rpds_py-2026.6.3-cp313-cp313-win_amd64.whl (219 kB)
2026-09-29T22:18:27.9871049Z Installing collected packages: urllib3, rpds-py, PyYAML, pypdf, pygments, pluggy, pillow, packaging, iniconfig, idna, colorama, charset-normalizer, certifi, attrs, requests, reportlab, referencing, pytest, jsonschema-specifications, jsonschema
2026-09-29T22:18:33.9418562Z
2026-09-29T22:18:33.9448821Z Successfully installed PyYAML-6.0.3 attrs-26.1.0 certifi-2026.7.22 charset-normalizer-3.5.1 colorama-0.4.6 idna-3.20 iniconfig-2.3.0 jsonschema-4.26.0 jsonschema-specifications-2025.9.1 packaging-26.3 pillow-12.3.0 pluggy-1.6.0 pygments-2.21.0 pypdf-6.19.0 pytest-9.1.1 referencing-0.37.0 reportlab-5.0.1 requests-2.34.2 rpds-py-2026.6.3 urllib3-2.8.0
2026-09-29T22:18:34.1720245Z ##[group]Run python -m compileall -q app api tests
2026-09-29T22:18:34.1720922Z [36;1mpython -m compileall -q app api tests[0m
2026-09-29T22:18:34.1791370Z shell: C:\Program Files\PowerShell\7\pwsh.EXE -command ". '{0}'"
2026-09-29T22:18:34.1791709Z env:
2026-09-29T22:18:34.1791972Z   pythonLocation: C:\hostedtoolcache\windows\Python\3.13.15\x64
2026-09-29T22:18:34.1792438Z   PKG_CONFIG_PATH: C:\hostedtoolcache\windows\Python\3.13.15\x64/lib/pkgconfig
2026-09-29T22:18:34.1792894Z   Python_ROOT_DIR: C:\hostedtoolcache\windows\Python\3.13.15\x64
2026-09-29T22:18:34.1793289Z   Python2_ROOT_DIR: C:\hostedtoolcache\windows\Python\3.13.15\x64
2026-09-29T22:18:34.1793678Z   Python3_ROOT_DIR: C:\hostedtoolcache\windows\Python\3.13.15\x64
2026-09-29T22:18:34.1793990Z ##[endgroup]
2026-09-29T22:18:34.8949035Z ##[group]Run python -c "import app.main, api.handler, app.procstats; print(app.procstats.process_stats())"
2026-09-29T22:18:34.8950373Z [36;1mpython -c "import app.main, api.handler, app.procstats; print(app.procstats.process_stats())"[0m
2026-09-29T22:18:34.9036229Z shell: C:\Program Files\PowerShell\7\pwsh.EXE -command ". '{0}'"
2026-09-29T22:18:34.9036578Z env:
2026-09-29T22:18:34.9036848Z   pythonLocation: C:\hostedtoolcache\windows\Python\3.13.15\x64
2026-09-29T22:18:34.9037304Z   PKG_CONFIG_PATH: C:\hostedtoolcache\windows\Python\3.13.15\x64/lib/pkgconfig
2026-09-29T22:18:34.9037749Z   Python_ROOT_DIR: C:\hostedtoolcache\windows\Python\3.13.15\x64
2026-09-29T22:18:34.9038972Z   Python2_ROOT_DIR: C:\hostedtoolcache\windows\Python\3.13.15\x64
2026-09-29T22:18:34.9039376Z   Python3_ROOT_DIR: C:\hostedtoolcache\windows\Python\3.13.15\x64
2026-09-29T22:18:34.9039694Z ##[endgroup]
2026-09-29T22:18:35.5394493Z {'max_rss_kib': 38348, 'rss_kib': 38348, 'threads': 1}
2026-09-29T22:18:35.6887510Z ##[group]Run python -m pytest tests -q
2026-09-29T22:18:35.6888064Z [36;1mpython -m pytest tests -q[0m
2026-09-29T22:18:35.6976547Z shell: C:\Program Files\PowerShell\7\pwsh.EXE -command ". '{0}'"
2026-09-29T22:18:35.6976887Z env:
2026-09-29T22:18:35.6977148Z   pythonLocation: C:\hostedtoolcache\windows\Python\3.13.15\x64
2026-09-29T22:18:35.6977616Z   PKG_CONFIG_PATH: C:\hostedtoolcache\windows\Python\3.13.15\x64/lib/pkgconfig
2026-09-29T22:18:35.6978053Z   Python_ROOT_DIR: C:\hostedtoolcache\windows\Python\3.13.15\x64
2026-09-29T22:18:35.6978443Z   Python2_ROOT_DIR: C:\hostedtoolcache\windows\Python\3.13.15\x64
2026-09-29T22:18:35.6978833Z   Python3_ROOT_DIR: C:\hostedtoolcache\windows\Python\3.13.15\x64
2026-09-29T22:18:35.6979158Z ##[endgroup]
2026-09-29T22:18:58.2669486Z ...............{"event": "request", "request_id": "c7e3bf4aa7a4", "method": "POST", "status": 400, "duration_ms": 0.56}
2026-09-29T22:18:58.2748804Z .{"event": "request", "request_id": "23e6ea9c557b", "method": "POST", "status": 200, "duration_ms": 6.42}
2026-09-29T22:18:58.3005217Z .......{"event": "request", "request_id": "faf47949b61f", "method": "POST", "status": 422, "duration_ms": 0.43}
2026-09-29T22:18:58.3275973Z ...{"event": "request", "request_id": "5f7407e33276", "method": "POST", "status": 413, "duration_ms": 10.31}
2026-09-29T22:18:58.3298058Z .{"event": "request", "request_id": "15f0b780249b", "method": "POST", "status": 404, "duration_ms": 0.43}
2026-09-29T22:19:00.5035503Z ................................... [  7%]
2026-09-29T22:19:02.7715941Z .............................................................. [ 14%]
2026-09-29T22:19:02.9527596Z ...............................................{"event": "request", "request_id": "d3ec05c20436", "method": "POST", "status": 400, "duration_ms": 0.43}
2026-09-29T22:19:02.9548680Z .{"event": "request", "request_id": "288a0f416e03", "method": "POST", "status": 413, "duration_ms": 0.39}
2026-09-29T22:19:03.5113316Z .............s.......... [ 22%]
2026-09-29T22:19:09.0978656Z .................................................................. [ 29%]
2026-09-29T22:19:15.3735634Z ...............................................{"event": "request", "request_id": "45fe57d253c5", "method": "POST", "status": 400, "duration_ms": 0.48}
2026-09-29T22:19:15.3826004Z ...{"event": "request", "request_id": "2816fd60362a", "method": "POST", "status": 400, "duration_ms": 0.37}
2026-09-29T22:19:20.0926960Z ............... [ 36%]
2026-09-29T22:19:26.2744005Z ............................ss................................ [ 43%]
2026-09-29T22:19:28.0494517Z .....................................................ss......... [ 51%]
2026-09-29T22:19:29.8854982Z .................................................................... [ 58%]
2026-09-29T22:19:33.3060488Z ....................F......................................... [ 65%]
2026-09-29T22:19:41.2249189Z ...................................................................... [ 73%]
2026-09-29T22:19:41.4665085Z ...............................s........................................ [ 81%]
2026-09-29T22:19:41.6174950Z .......................................ssssssssss.......{"event": "request", "request_id": "22a29e1df62a", "method": "POST", "status": 422, "duration_ms": 0.57}
2026-09-29T22:19:42.2297576Z ................ [ 90%]
2026-09-29T22:19:43.4506662Z .................................................{"ts":1790720383.450316,"level":"info","event":"http_request","trace_id":"30b8786a27243f617249b9f093cba7f4","span_id":"42c3946d63712d77","request_id":"b9d07d9cc97fe29347a449bd1f6e6f78","ip":"127.0.0.1","method":"POST","route":"/api/bundle","status":200,"duration_ms":6.86}
2026-09-29T22:19:43.9593321Z ... [ 95%]
2026-09-29T22:19:44.4751528Z ....................................                                     [100%]
2026-09-29T22:19:44.4752443Z ================================== FAILURES ===================================
2026-09-29T22:19:44.4756695Z _ LinuxMemorySnapshotTests.test_missing_hwm_falls_back_without_discarding_current _
2026-09-29T22:19:44.4757447Z
2026-09-29T22:19:44.4757993Z self = <tests.test_procstats_linux.LinuxMemorySnapshotTests testMethod=test_missing_hwm_falls_back_without_discarding_current>
2026-09-29T22:19:44.4758646Z
2026-09-29T22:19:44.4758915Z     def test_missing_hwm_falls_back_without_discarding_current(self):
2026-09-29T22:19:44.4759465Z         status = b"VmRSS:\t 49900 kB\n"
2026-09-29T22:19:44.4759878Z         with patch.object(procstats.sys, "platform", "linux"), \
2026-09-29T22:19:44.4760353Z              patch.object(procstats.os, "name", "posix"), \
2026-09-29T22:19:44.4760843Z              patch("builtins.open", return_value=io.BytesIO(status)), \
2026-09-29T22:19:44.4761323Z >            patch("resource.getrusage") as usage:
2026-09-29T22:19:44.4761672Z              ^^^^^^^^^^^^^^^^^^^^^^^^^^^
2026-09-29T22:19:44.4761885Z
2026-09-29T22:19:44.4762005Z tests\test_procstats_linux.py:25:
2026-09-29T22:19:44.4762399Z _ _ _ _ _ _ _ _ _ _ _ _ _ _ _ _ _ _ _ _ _ _ _ _ _ _ _ _ _ _ _ _ _ _ _ _ _ _ _ _
2026-09-29T22:19:44.4762997Z C:\hostedtoolcache\windows\Python\3.13.15\x64\Lib\unittest\mock.py:1487: in __enter__
2026-09-29T22:19:44.4763536Z     self.target = self.getter()
2026-09-29T22:19:44.4763824Z                   ^^^^^^^^^^^^^
2026-09-29T22:19:44.4764276Z C:\hostedtoolcache\windows\Python\3.13.15\x64\Lib\pkgutil.py:513: in resolve_name
2026-09-29T22:19:44.4764807Z     mod = importlib.import_module(modname)
2026-09-29T22:19:44.4765145Z           ^^^^^^^^^^^^^^^^^^^^^^^^^^^^^^^^
2026-09-29T22:19:44.4765664Z C:\hostedtoolcache\windows\Python\3.13.15\x64\Lib\importlib\__init__.py:88: in import_module
2026-09-29T22:19:44.4766750Z     return _bootstrap._gcd_import(name[level:], package, level)
2026-09-29T22:19:44.4767197Z            ^^^^^^^^^^^^^^^^^^^^^^^^^^^^^^^^^^^^^^^^^^^^^^^^^^^^
2026-09-29T22:19:44.4767593Z <frozen importlib._bootstrap>:1395: in _gcd_import
2026-09-29T22:19:44.4767950Z     ???
2026-09-29T22:19:44.4768239Z <frozen importlib._bootstrap>:1360: in _find_and_load
2026-09-29T22:19:44.4768599Z     ???
2026-09-29T22:19:44.4768877Z _ _ _ _ _ _ _ _ _ _ _ _ _ _ _ _ _ _ _ _ _ _ _ _ _ _ _ _ _ _ _ _ _ _ _ _ _ _ _ _
2026-09-29T22:19:44.4769179Z
2026-09-29T22:19:44.4769409Z name = 'resource', import_ = <function _gcd_import at 0x000001C951E304A0>
2026-09-29T22:19:44.4769765Z
2026-09-29T22:19:44.4769848Z >   ???
2026-09-29T22:19:44.4770060Z E   ModuleNotFoundError: No module named 'resource'
2026-09-29T22:19:44.4770279Z
2026-09-29T22:19:44.4770412Z <frozen importlib._bootstrap>:1324: ModuleNotFoundError
2026-09-29T22:19:44.4770770Z ============================== warnings summary ===============================
2026-09-29T22:19:44.4771268Z C:\hostedtoolcache\windows\Python\3.13.15\x64\Lib\site-packages\_pytest\assertion\rewrite.py:188
2026-09-29T22:19:44.4772004Z   C:\hostedtoolcache\windows\Python\3.13.15\x64\Lib\site-packages\_pytest\assertion\rewrite.py:188: RuntimeWarning:
2026-09-29T22:19:44.4772577Z   ======================================================================
2026-09-29T22:19:44.4773229Z   WARNING: Self-accessibility audit tests SKIPPED ï¿½ Playwright not installed.
2026-09-29T22:19:44.4773688Z   AccessDoc's own HTML outputs were NOT audited with axe-core.
2026-09-29T22:19:44.4774084Z   Install: pip install playwright && playwright install chromium
2026-09-29T22:19:44.4774419Z   These tests SHOULD run in CI.
2026-09-29T22:19:44.4774671Z   ======================================================================
2026-09-29T22:19:44.4774942Z
2026-09-29T22:19:44.4775111Z     exec(co, module.__dict__)
2026-09-29T22:19:44.4775259Z
2026-09-29T22:19:44.4775524Z tests/test_stress_matrix.py::SecurityStressTests::test_duplicate_zip_paths_rejected
2026-09-29T22:19:44.4776424Z   C:\hostedtoolcache\windows\Python\3.13.15\x64\Lib\zipfile\__init__.py:1661: UserWarning: Duplicate name: 'report.html'
2026-09-29T22:19:44.4776992Z     return self._open_to_write(zinfo, force_zip64=force_zip64)
2026-09-29T22:19:44.4777280Z
2026-09-29T22:19:44.4778061Z tests/test_zip_hardening.py::ZipHardeningTests::test_duplicate_manifest_json
2026-09-29T22:19:44.4778749Z   C:\hostedtoolcache\windows\Python\3.13.15\x64\Lib\zipfile\__init__.py:1661: UserWarning: Duplicate name: 'manifest.json'
2026-09-29T22:19:44.4779328Z     return self._open_to_write(zinfo, force_zip64=force_zip64)
2026-09-29T22:19:44.4779589Z
2026-09-29T22:19:44.4779788Z tests/test_zip_hardening.py::ZipHardeningTests::test_duplicate_report_pdf
2026-09-29T22:19:44.4780412Z   C:\hostedtoolcache\windows\Python\3.13.15\x64\Lib\zipfile\__init__.py:1661: UserWarning: Duplicate name: 'report.pdf'
2026-09-29T22:19:44.4780971Z     return self._open_to_write(zinfo, force_zip64=force_zip64)
2026-09-29T22:19:44.4781216Z
2026-09-29T22:19:44.4781422Z -- Docs: https://docs.pytest.org/en/stable/how-to/capture-warnings.html
2026-09-29T22:19:44.4781887Z =========================== short test summary info ===========================
2026-09-29T22:19:44.4782667Z FAILED tests/test_procstats_linux.py::LinuxMemorySnapshotTests::test_missing_hwm_falls_back_without_discarding_current - ModuleNotFoundError: No module named 'resource'
2026-09-29T22:19:44.4783513Z 1 failed, 868 passed, 16 skipped, 4 warnings, 159 subtests passed in 67.75s (0:01:07)
2026-09-29T22:19:44.6492596Z ##[error]Process completed with exit code 1.
2026-09-29T22:19:44.6723736Z ##[group]Run actions/upload-artifact@ea165f8d65b6e75b540449e92b4886f43607fa02
2026-09-29T22:19:44.6724215Z with:
2026-09-29T22:19:44.6724431Z   name: hardening-load-windows-latest
2026-09-29T22:19:44.6724730Z   path: hardening-load-windows-latest.json
2026-09-29T22:19:44.6725027Z   if-no-files-found: warn
2026-09-29T22:19:44.6725274Z   compression-level: 6
2026-09-29T22:19:44.6725482Z   overwrite: false
2026-09-29T22:19:44.6725681Z   include-hidden-files: false
2026-09-29T22:19:44.6725894Z env:
2026-09-29T22:19:44.6726161Z   pythonLocation: C:\hostedtoolcache\windows\Python\3.13.15\x64
2026-09-29T22:19:44.6726613Z   PKG_CONFIG_PATH: C:\hostedtoolcache\windows\Python\3.13.15\x64/lib/pkgconfig
2026-09-29T22:19:44.6727054Z   Python_ROOT_DIR: C:\hostedtoolcache\windows\Python\3.13.15\x64
2026-09-29T22:19:44.6727459Z   Python2_ROOT_DIR: C:\hostedtoolcache\windows\Python\3.13.15\x64
2026-09-29T22:19:44.6727885Z   Python3_ROOT_DIR: C:\hostedtoolcache\windows\Python\3.13.15\x64
2026-09-29T22:19:44.6728196Z ##[endgroup]
2026-09-29T22:19:44.8889662Z (node:4908) [DEP0040] DeprecationWarning: The `punycode` module is deprecated. Please use a userland alternative instead.
2026-09-29T22:19:44.8890906Z (Use `node --trace-deprecation ...` to show where the warning was created)
2026-09-29T22:19:44.8944163Z ##[warning]No files were found with the provided path: hardening-load-windows-latest.json. No artifacts will be uploaded.
2026-09-29T22:19:44.9265265Z Post job cleanup.
2026-09-29T22:19:45.1252813Z [command]"C:\Program Files\Git\bin\git.exe" version
2026-09-29T22:19:45.1526777Z git version 2.55.0.windows.5
2026-09-29T22:19:45.1592334Z Temporarily overriding HOME='D:\a\_temp\77eae437-dbb9-4cdf-a0a6-77a36811b987' before making global git config changes
2026-09-29T22:19:45.1593514Z Adding repository directory to the temporary git global config as a safe directory
2026-09-29T22:19:45.1603397Z [command]"C:\Program Files\Git\bin\git.exe" config --global --add safe.directory D:\a\AccessDoc\AccessDoc
2026-09-29T22:19:45.1924242Z Removing SSH command configuration
2026-09-29T22:19:45.1925203Z [command]"C:\Program Files\Git\bin\git.exe" config --local --name-only --get-regexp core\.sshCommand
2026-09-29T22:19:45.2230233Z [command]"C:\Program Files\Git\bin\git.exe" submodule foreach --recursive "sh -c \"git config --local --name-only --get-regexp 'core\.sshCommand' && git config --local --unset-all 'core.sshCommand' || :\""
2026-09-29T22:19:45.7838390Z Removing HTTP extra header
2026-09-29T22:19:45.7849701Z [command]"C:\Program Files\Git\bin\git.exe" config --local --name-only --get-regexp http\.https\:\/\/github\.com\/\.extraheader
2026-09-29T22:19:45.8154892Z [command]"C:\Program Files\Git\bin\git.exe" submodule foreach --recursive "sh -c \"git config --local --name-only --get-regexp 'http\.https\:\/\/github\.com\/\.extraheader' && git config --local --unset-all 'http.https://github.com/.extraheader' || :\""
2026-09-29T22:19:46.3537094Z Removing includeIf entries pointing to credentials config files
2026-09-29T22:19:46.3548705Z [command]"C:\Program Files\Git\bin\git.exe" config --local --name-only --get-regexp ^includeIf\.gitdir:
2026-09-29T22:19:46.3808830Z includeif.gitdir:D:/a/AccessDoc/AccessDoc/.git.path
2026-09-29T22:19:46.3809541Z includeif.gitdir:D:/a/AccessDoc/AccessDoc/.git/worktrees/*.path
2026-09-29T22:19:46.3809995Z includeif.gitdir:/github/workspace/.git.path
2026-09-29T22:19:46.3810352Z includeif.gitdir:/github/workspace/.git/worktrees/*.path
2026-09-29T22:19:46.3849922Z [command]"C:\Program Files\Git\bin\git.exe" config --local --get-all includeif.gitdir:D:/a/AccessDoc/AccessDoc/.git.path
2026-09-29T22:19:46.4107307Z D:\a\_temp\git-credentials-e712bada-42d5-4e43-8a43-380542141e8c.config
2026-09-29T22:19:46.4160825Z [command]"C:\Program Files\Git\bin\git.exe" config --local --unset includeif.gitdir:D:/a/AccessDoc/AccessDoc/.git.path D\:\\a\\_temp\\git\-credentials\-e712bada\-42d5\-4e43\-8a43\-380542141e8c\.config
2026-09-29T22:19:46.4475885Z [command]"C:\Program Files\Git\bin\git.exe" config --local --get-all includeif.gitdir:D:/a/AccessDoc/AccessDoc/.git/worktrees/*.path
2026-09-29T22:19:46.4732248Z D:\a\_temp\git-credentials-e712bada-42d5-4e43-8a43-380542141e8c.config
2026-09-29T22:19:46.4772293Z [command]"C:\Program Files\Git\bin\git.exe" config --local --unset includeif.gitdir:D:/a/AccessDoc/AccessDoc/.git/worktrees/*.path D\:\\a\\_temp\\git\-credentials\-e712bada\-42d5\-4e43\-8a43\-380542141e8c\.config
2026-09-29T22:19:46.5065691Z [command]"C:\Program Files\Git\bin\git.exe" config --local --get-all includeif.gitdir:/github/workspace/.git.path
2026-09-29T22:19:46.5316612Z /github/runner_temp/git-credentials-e712bada-42d5-4e43-8a43-380542141e8c.config
2026-09-29T22:19:46.5355934Z [command]"C:\Program Files\Git\bin\git.exe" config --local --unset includeif.gitdir:/github/workspace/.git.path \/github\/runner_temp\/git\-credentials\-e712bada\-42d5\-4e43\-8a43\-380542141e8c\.config
2026-09-29T22:19:46.5653493Z [command]"C:\Program Files\Git\bin\git.exe" config --local --get-all includeif.gitdir:/github/workspace/.git/worktrees/*.path
2026-09-29T22:19:46.5899316Z /github/runner_temp/git-credentials-e712bada-42d5-4e43-8a43-380542141e8c.config
2026-09-29T22:19:46.5974827Z [command]"C:\Program Files\Git\bin\git.exe" config --local --unset includeif.gitdir:/github/workspace/.git/worktrees/*.path \/github\/runner_temp\/git\-credentials\-e712bada\-42d5\-4e43\-8a43\-380542141e8c\.config
2026-09-29T22:19:46.6303682Z [command]"C:\Program Files\Git\bin\git.exe" submodule foreach --recursive "git config --local --show-origin --name-only --get-regexp remote.origin.url"
2026-09-29T22:19:47.1615466Z Removing credentials config 'D:\a\_temp\git-credentials-e712bada-42d5-4e43-8a43-380542141e8c.config'
2026-09-29T22:19:47.1809401Z Cleaning up orphan processes
2026-09-29T22:19:47.2296371Z ##[warning]Node.js 20 is deprecated. The following actions target Node.js 20 but are being forced to run on Node.js 24: actions/upload-artifact@ea165f8d65b6e75b540449e92b4886f43607fa02. For more information see: https://github.blog/changelog/2025-09-19-deprecation-of-node-20-on-github-actions-runners/
