..................{"event": "request", "request_id": "495155a03d07", "method": "POST", "status": 400, "duration_ms": 0.35}
.....{"event": "request", "request_id": "8e7bc98a87bb", "method": "POST", "status": 422, "duration_ms": 0.35}
..{"event": "request", "request_id": "98e62c94d687", "method": "POST", "status": 422, "duration_ms": 0.32}
..................................... [  7%]
.............................................................. [ 14%]
................................................{"event": "request", "request_id": "e425b44d00bf", "method": "POST", "status": 413, "duration_ms": 0.32}
.............s.......... [ 22%]
.....................................................................................................{"event": "request", "request_id": "e8f6ed72a94d", "method": "POST", "status": 400, "duration_ms": 0.65}
...{"event": "request", "request_id": "9fa4f3bc425d", "method": "POST", "status": 400, "duration_ms": 0.34}
........................... [ 37%]
...........{"event": "request", "request_id": "3a8806ccb9d4", "method": "POST", "status": 404, "duration_ms": 0.32}
............................................... [ 44%]
............................................................................................................................................ [ 60%]
...............{"ts":1790718729.9373615,"level":"info","event":"http_request","trace_id":"9efc07455d5ebbbea98282dbd4379dbd","span_id":"6318178d7156849d","request_id":"af09ca89bb4d5cc8e35459ef45de269c","ip":"127.0.0.1","method":"POST","route":"/api/bundle","status":429,"duration_ms":0.47}
............................................... [ 68%]
........................................................................ [ 76%]
........................................................................ [ 84%]
.............................{"event": "request", "request_id": "aa383176b097", "method": "POST", "status": 422, "duration_ms": 0.44}
...{"event": "request", "request_id": "0179f58a4458", "method": "POST", "status": 422, "duration_ms": 0.41}
.{"event": "request", "request_id": "bd9cb39e8713", "method": "POST", "status": 200, "duration_ms": 0.34}
....................................... [ 93%]
.................................................... [ 99%]
........                                                                 [100%]
=============================== warnings summary ===============================
tests/test_stress_matrix.py::SecurityStressTests::test_duplicate_zip_paths_rejected
  /usr/lib64/python3.13/zipfile/__init__.py:1661: UserWarning: Duplicate name: 'report.html'
    return self._open_to_write(zinfo, force_zip64=force_zip64)

tests/test_zip_hardening.py::ZipHardeningTests::test_duplicate_manifest_json
  /usr/lib64/python3.13/zipfile/__init__.py:1661: UserWarning: Duplicate name: 'manifest.json'
    return self._open_to_write(zinfo, force_zip64=force_zip64)

tests/test_zip_hardening.py::ZipHardeningTests::test_duplicate_report_pdf
  /usr/lib64/python3.13/zipfile/__init__.py:1661: UserWarning: Duplicate name: 'report.pdf'
    return self._open_to_write(zinfo, force_zip64=force_zip64)

-- Docs: https://docs.pytest.org/en/stable/how-to/capture-warnings.html
=========================== short test summary info ============================
SKIPPED [1] ../../vercel/sandbox/data/AccessDoc/tests/test_e2e_journeys.py:323: Set ACCESSDOC_PRODUCTION_URL for live deployment validation
862 passed, 1 skipped, 3 warnings, 153 subtests passed in 71.29s (0:01:11)
