Collecting aiohttp<4,>=3.12.14
  Downloading aiohttp-3.14.3-cp313-cp313-manylinux2014_x86_64.manylinux_2_17_x86_64.manylinux_2_28_x86_64.whl.metadata (8.3 kB)
Collecting aiodns<4,>=3.5
  Downloading aiodns-3.6.1-py3-none-any.whl.metadata (5.8 kB)
Collecting aiohappyeyeballs>=2.5.0 (from aiohttp<4,>=3.12.14)
  Downloading aiohappyeyeballs-2.7.1-py3-none-any.whl.metadata (5.9 kB)
Collecting aiosignal>=1.4.0 (from aiohttp<4,>=3.12.14)
  Downloading aiosignal-1.4.0-py3-none-any.whl.metadata (3.7 kB)
Requirement already satisfied: attrs>=17.3.0 in ./accessdoc-venv/lib64/python3.13/site-packages (from aiohttp<4,>=3.12.14) (26.1.0)
Collecting frozenlist>=1.1.1 (from aiohttp<4,>=3.12.14)
  Downloading frozenlist-1.8.0-cp313-cp313-manylinux1_x86_64.manylinux_2_28_x86_64.manylinux_2_5_x86_64.whl.metadata (20 kB)
Collecting multidict<7.0,>=4.5 (from aiohttp<4,>=3.12.14)
  Downloading multidict-6.9.1-cp313-cp313-manylinux2014_x86_64.manylinux_2_17_x86_64.manylinux_2_28_x86_64.whl.metadata (5.3 kB)
Collecting propcache>=0.2.0 (from aiohttp<4,>=3.12.14)
  Downloading propcache-0.5.4-cp313-cp313-manylinux2014_x86_64.manylinux_2_17_x86_64.manylinux_2_28_x86_64.whl.metadata (25 kB)
Collecting yarl<2.0,>=1.17.0 (from aiohttp<4,>=3.12.14)
  Downloading yarl-1.25.1-cp313-cp313-manylinux2014_x86_64.manylinux_2_17_x86_64.manylinux_2_28_x86_64.whl.metadata (111 kB)
Collecting pycares<5,>=4.9.0 (from aiodns<4,>=3.5)
  Downloading pycares-4.11.0-cp313-cp313-manylinux_2_28_x86_64.whl.metadata (4.5 kB)
Collecting cffi>=1.5.0 (from pycares<5,>=4.9.0->aiodns<4,>=3.5)
  Downloading cffi-2.1.1-cp313-cp313-manylinux2014_x86_64.manylinux_2_17_x86_64.whl.metadata (2.5 kB)
Requirement already satisfied: idna>=2.0 in ./accessdoc-venv/lib64/python3.13/site-packages (from yarl<2.0,>=1.17.0->aiohttp<4,>=3.12.14) (3.20)
Collecting pycparser (from cffi>=1.5.0->pycares<5,>=4.9.0->aiodns<4,>=3.5)
  Downloading pycparser-3.0-py3-none-any.whl.metadata (8.2 kB)
Downloading aiohttp-3.14.3-cp313-cp313-manylinux2014_x86_64.manylinux_2_17_x86_64.manylinux_2_28_x86_64.whl (1.8 MB)
   ━━━━━━━━━━━━━━━━━━━━━━━━━━━━━━━━━━━━━━━━ 1.8/1.8 MB 196.7 MB/s eta 0:00:00
Downloading aiodns-3.6.1-py3-none-any.whl (8.0 kB)
Downloading aiohappyeyeballs-2.7.1-py3-none-any.whl (15 kB)
Downloading aiosignal-1.4.0-py3-none-any.whl (7.5 kB)
Downloading frozenlist-1.8.0-cp313-cp313-manylinux1_x86_64.manylinux_2_28_x86_64.manylinux_2_5_x86_64.whl (234 kB)
Downloading multidict-6.9.1-cp313-cp313-manylinux2014_x86_64.manylinux_2_17_x86_64.manylinux_2_28_x86_64.whl (336 kB)
Downloading propcache-0.5.4-cp313-cp313-manylinux2014_x86_64.manylinux_2_17_x86_64.manylinux_2_28_x86_64.whl (234 kB)
Downloading pycares-4.11.0-cp313-cp313-manylinux_2_28_x86_64.whl (641 kB)
   ━━━━━━━━━━━━━━━━━━━━━━━━━━━━━━━━━━━━━━━━ 641.0/641.0 kB 70.8 MB/s eta 0:00:00
Downloading yarl-1.25.1-cp313-cp313-manylinux2014_x86_64.manylinux_2_17_x86_64.manylinux_2_28_x86_64.whl (117 kB)
Downloading cffi-2.1.1-cp313-cp313-manylinux2014_x86_64.manylinux_2_17_x86_64.whl (221 kB)
Downloading pycparser-3.0-py3-none-any.whl (48 kB)
Installing collected packages: pycparser, propcache, multidict, frozenlist, aiohappyeyeballs, yarl, cffi, aiosignal, pycares, aiohttp, aiodns
Successfully installed aiodns-3.6.1 aiohappyeyeballs-2.7.1 aiohttp-3.14.3 aiosignal-1.4.0 cffi-2.1.1 frozenlist-1.8.0 multidict-6.9.1 propcache-0.5.4 pycares-4.11.0 pycparser-3.0 yarl-1.25.1

[notice] A new release of pip is available: 24.2 -> 26.2.1
[notice] To update, run: python -m pip install --upgrade pip
