..........................{"event": "request", "request_id": "a48a544c3a45", "method": "POST", "status": 413, "duration_ms": 9.47}
...{"event": "request", "request_id": "c11cacdfde7b", "method": "POST", "status": 415, "duration_ms": 0.21}
................................. [  7%]
...........................{"event": "request", "request_id": "6bfd2c888ad8", "method": "POST", "status": 503, "duration_ms": 0.26}
................................... [ 14%]
...............................................{"event": "request", "request_id": "59eab55215eb", "method": "POST", "status": 400, "duration_ms": 0.24}
.{"event": "request", "request_id": "50a47e63364f", "method": "POST", "status": 413, "duration_ms": 0.2}
.............s.......... [ 22%]
..................................................................................................................................... [ 38%]
..........ss.............................................. [ 45%]
...............................s.................................... [ 53%]
...................................................................................................................................... [ 68%]
........................................................................ [ 77%]
........................................................................ [ 85%]
..ssssssssss..{"event": "request", "request_id": "3c5d55337f0e", "method": "POST", "status": 422, "duration_ms": 0.26}
.{"event": "request", "request_id": "be4c4c113bd3", "method": "POST", "status": 200, "duration_ms": 0.26}
....{"event": "request", "request_id": "9b88f77d6277", "method": "POST", "status": 422, "duration_ms": 0.26}
....{"event": "request", "request_id": "8fc037427d95", "method": "POST", "status": 422, "duration_ms": 0.24}
.{"event": "request", "request_id": "dffd526e57ec", "method": "POST", "status": 200, "duration_ms": 0.22}
................................................ [ 94%]
...................................................  [100%]
=============================== warnings summary ===============================
../.local/lib/python3.14/site-packages/_pytest/assertion/rewrite.py:188
  /home/daytona/.local/lib/python3.14/site-packages/_pytest/assertion/rewrite.py:188: RuntimeWarning: 
  ======================================================================
  WARNING: Self-accessibility audit tests SKIPPED — Playwright not installed.
  AccessDoc's own HTML outputs were NOT audited with axe-core.
  Install: pip install playwright && playwright install chromium
  These tests SHOULD run in CI.
  ======================================================================
  
    exec(co, module.__dict__)

tests/test_stress_matrix.py::SecurityStressTests::test_duplicate_zip_paths_rejected
  /usr/local/lib/python3.14/zipfile/__init__.py:1730: UserWarning: Duplicate name: 'report.html'
    return self._open_to_write(zinfo, force_zip64=force_zip64)

tests/test_zip_hardening.py::ZipHardeningTests::test_duplicate_manifest_json
  /usr/local/lib/python3.14/zipfile/__init__.py:1730: UserWarning: Duplicate name: 'manifest.json'
    return self._open_to_write(zinfo, force_zip64=force_zip64)

tests/test_zip_hardening.py::ZipHardeningTests::test_duplicate_report_pdf
  /usr/local/lib/python3.14/zipfile/__init__.py:1730: UserWarning: Duplicate name: 'report.pdf'
    return self._open_to_write(zinfo, force_zip64=force_zip64)

-- Docs: https://docs.pytest.org/en/stable/how-to/capture-warnings.html
=========================== short test summary info ============================
SKIPPED [1] tests/test_e2e_journeys.py:323: Set ACCESSDOC_PRODUCTION_URL for live deployment validation
SKIPPED [1] tests/test_hosted_ui.py:22: Install Playwright Chromium and axe-core for browser validation
SKIPPED [1] tests/test_hosted_ui.py:75: Install Playwright Chromium and axe-core for browser validation
SKIPPED [1] tests/test_narrow_viewport.py:63: websocket-client not installed
SKIPPED [1] tests/test_self_audit.py:218: Playwright not installed — self-audit DID NOT RUN. Install: pip install playwright && playwright install chromium
SKIPPED [1] tests/test_self_audit.py:214: Playwright not installed — self-audit DID NOT RUN. Install: pip install playwright && playwright install chromium
SKIPPED [1] tests/test_self_audit.py:162: Playwright not installed — self-audit DID NOT RUN. Install: pip install playwright && playwright install chromium
SKIPPED [1] tests/test_self_audit.py:224: Playwright not installed — self-audit DID NOT RUN. Install: pip install playwright && playwright install chromium
SKIPPED [1] tests/test_self_audit.py:186: Playwright not installed — self-audit DID NOT RUN. Install: pip install playwright && playwright install chromium
SKIPPED [1] tests/test_self_audit.py:237: Playwright not installed — self-audit DID NOT RUN. Install: pip install playwright && playwright install chromium
SKIPPED [1] tests/test_self_audit.py:241: Playwright not installed — self-audit DID NOT RUN. Install: pip install playwright && playwright install chromium
SKIPPED [1] tests/test_self_audit.py:245: Playwright not installed — self-audit DID NOT RUN. Install: pip install playwright && playwright install chromium
SKIPPED [1] tests/test_self_audit.py:174: Playwright not installed — self-audit DID NOT RUN. Install: pip install playwright && playwright install chromium
SKIPPED [1] tests/test_self_audit.py:199: Playwright not installed — self-audit DID NOT RUN. Install: pip install playwright && playwright install chromium
842 passed, 14 skipped, 4 warnings, 151 subtests passed in 55.55s
