..................{"event": "request", "request_id": "a55c6e0f62bd", "method": "POST", "status": 400, "duration_ms": 0.49}
{"event": "request", "request_id": "a0d8c7a2cab4", "method": "POST", "status": 400, "duration_ms": 0.27}
.{"event": "request", "request_id": "cecd3e93595e", "method": "POST", "status": 413, "duration_ms": 0.29}
....{"event": "request", "request_id": "cca89a0b14b6", "method": "POST", "status": 422, "duration_ms": 0.33}
.....{"event": "request", "request_id": "c9c23b6580bf", "method": "POST", "status": 404, "duration_ms": 0.52}
.{"event": "request", "request_id": "e68ed8a11a0b", "method": "POST", "status": 415, "duration_ms": 0.29}
................................. [  7%]
.............................................................. [ 14%]
...............................................{"event": "request", "request_id": "cf110672ef6d", "method": "POST", "status": 400, "duration_ms": 0.36}
..............s.......... [ 22%]
.....................................................................................................{"event": "request", "request_id": "9e789c739af3", "method": "POST", "status": 400, "duration_ms": 0.44}
.............................. [ 37%]
.......................................................... [ 44%]
............................................................................................................................................ [ 60%]
.............................................................. [ 67%]
...................................................................... [ 75%]
........................................................................ [ 84%]
...........................{"event": "request", "request_id": "ca56f6a0fae4", "method": "POST", "status": 422, "duration_ms": 0.44}
............................................. [ 92%]
.................................................... [ 98%]
............                                                             [100%]
=============================== warnings summary ===============================
tests/test_stress_matrix.py::SecurityStressTests::test_duplicate_zip_paths_rejected
  /usr/lib64/python3.13/zipfile/__init__.py:1661: UserWarning: Duplicate name: 'report.html'
    return self._open_to_write(zinfo, force_zip64=force_zip64)

tests/test_zip_hardening.py::ZipHardeningTests::test_duplicate_manifest_json
  /usr/lib64/python3.13/zipfile/__init__.py:1661: UserWarning: Duplicate name: 'manifest.json'
    return self._open_to_write(zinfo, force_zip64=force_zip64)

tests/test_zip_hardening.py::ZipHardeningTests::test_duplicate_report_pdf
  /usr/lib64/python3.13/zipfile/__init__.py:1661: UserWarning: Duplicate name: 'report.pdf'
    return self._open_to_write(zinfo, force_zip64=force_zip64)

-- Docs: https://docs.pytest.org/en/stable/how-to/capture-warnings.html
864 passed, 1 skipped, 3 warnings, 155 subtests passed in 71.39s (0:01:11)
